// Jest Snapshot v1, https://goo.gl/fbAQLP

exports[`HelloWorld works 1`] = `
<div>
  <h2>
    Hello, 
    Bob
    !
  </h2>
  <input
    onChange={[Function]}
    value="Bob"
  />
</div>
`;
